../Core/Src/main.c:75:6:delay	16	static
../Core/Src/main.c:88:5:main	32	static
../Core/Src/main.c:166:6:SystemClock_Config	72	static
../Core/Src/main.c:203:13:MX_TIM1_Init	32	static
../Core/Src/main.c:246:13:MX_USART1_UART_Init	8	static
../Core/Src/main.c:277:13:MX_GPIO_Init	40	static
../Core/Src/main.c:306:5:__io_putchar	16	static
../Core/Src/main.c:315:5:DS18B20_Start	16	static
../Core/Src/main.c:334:6:DS18B20_Write	24	static
../Core/Src/main.c:364:9:DS18B20_Read	16	static
../Core/Src/main.c:385:6:Set_Pin_Output	32	static
../Core/Src/main.c:393:6:Set_Pin_Input	32	static
../Core/Src/main.c:407:6:Error_Handler	8	static,ignoring_inline_asm
