../Core/Src/main.c:71:6:delay	16	static
../Core/Src/main.c:84:5:main	8	static
../Core/Src/main.c:153:6:SystemClock_Config	72	static
../Core/Src/main.c:193:13:MX_TIM1_Init	32	static
../Core/Src/main.c:239:13:MX_USART1_UART_Init	8	static
../Core/Src/main.c:272:13:MX_GPIO_Init	40	static
../Core/Src/main.c:302:5:__io_putchar	16	static
../Core/Src/main.c:311:5:DS18B20_Start	16	static
../Core/Src/main.c:330:6:DS18B20_Write	24	static
../Core/Src/main.c:360:9:DS18B20_Read	16	static
../Core/Src/main.c:381:6:Set_Pin_Output	32	static
../Core/Src/main.c:389:6:Set_Pin_Input	32	static
../Core/Src/main.c:403:6:Error_Handler	8	static,ignoring_inline_asm
